// Jest Snapshot v1, https://goo.gl/fbAQLP

exports[`SingleLinkedList should the printList method 1`] = `
Array [
  500,
  400,
  300,
  200,
  100,
]
`;
